// Jest Snapshot v1, https://goo.gl/fbAQLP

exports[`renders contacts 1`] = `
Array [
  "Bob",
  "Marcy",
]
`;

exports[`renders contacts: Array["Bob", "Marcy"] 1`] = `
Array [
  "Bob",
  "Marcy",
]
`;
